// Jest Snapshot v1, https://goo.gl/fbAQLP

exports[`renders when there are no items 1`] = `
Array [
  <div
    aria-controls="popover-content-2"
    aria-expanded={false}
    aria-haspopup="dialog"
    className="chakra-input__group css-u2vt5l"
    id="popover-trigger-2"
    onClick={[Function]}
  >
    <div
      className="chakra-input__left-addon css-1pwgdj0"
      size="sm"
    >
      <svg
        className="chakra-icon css-tud5pv"
        focusable={false}
        viewBox="0 0 24 24"
      >
        <path
          d="M23.384,21.619,16.855,15.09a9.284,9.284,0,1,0-1.768,1.768l6.529,6.529a1.266,1.266,0,0,0,1.768,0A1.251,1.251,0,0,0,23.384,21.619ZM2.75,9.5a6.75,6.75,0,1,1,6.75,6.75A6.758,6.758,0,0,1,2.75,9.5Z"
          fill="currentColor"
        />
      </svg>
    </div>
    <input
      aria-label="Søk i bærekraftsontologien"
      className="chakra-input css-lslgl1"
      onBlur={[Function]}
      onChange={[Function]}
      onFocus={[Function]}
      placeholder="Søk..."
      value=""
    />
  </div>,
  <div
    className="css-0"
    style={
      Object {
        "--popper-arrow-shadow-color": "gray.200",
        "--popper-arrow-size": undefined,
        "visibility": "hidden",
      }
    }
  >
    <section
      className="chakra-popover__content css-1lhufj9"
      id="popover-content-2"
      onBlur={[Function]}
      onKeyDown={[Function]}
      role="dialog"
      style={
        Object {
          "opacity": 0,
          "transform": "scale(0.95) translateZ(0)",
          "transformOrigin": "var(--popper-transform-origin)",
          "visibility": "hidden",
        }
      }
      tabIndex={-1}
    >
      <div
        className="chakra-stack css-5t4008"
      />
    </section>
  </div>,
]
`;
