// Jest Snapshot v1, https://goo.gl/fbAQLP

exports[`renders when there is one item 1`] = `
<div
  className="chakra-accordion css-0"
>
  <div
    className="chakra-accordion__item css-rydg3k"
  >
    <button
      aria-controls="accordion-panel-1"
      aria-expanded={false}
      className="chakra-accordion__button css-9rvr9d"
      disabled={false}
      id="accordion-button-1"
      onClick={[Function]}
      onFocus={[Function]}
      onKeyDown={[Function]}
      type="button"
    >
      <h3
        className="chakra-heading css-0"
      >
        eeat
      </h3>
      <svg
        aria-hidden={true}
        className="chakra-icon chakra-accordion__icon css-8o5ky2"
        focusable={false}
        viewBox="0 0 24 24"
      >
        <path
          d="M16.59 8.59L12 13.17 7.41 8.59 6 10l6 6 6-6z"
          fill="currentColor"
        />
      </svg>
    </button>
    <div
      className="chakra-collapse"
      style={
        Object {
          "display": "none",
          "height": "0px",
          "opacity": 0,
          "overflow": "hidden",
        }
      }
    >
      <div
        aria-labelledby="accordion-button-1"
        className="chakra-accordion__panel css-0"
        id="accordion-panel-1"
        role="region"
      >
        <p
          className="chakra-text css-g5hezf"
        >
          meee
        </p>
      </div>
    </div>
  </div>
</div>
`;
