// Jest Snapshot v1, https://goo.gl/fbAQLP

exports[`renders when there are no items 1`] = `
<div
  className="css-gmuwbf"
>
  <div
    className="css-1mu9o2e"
  >
    <div
      className="css-j7qwjs"
    >
      <h2
        className="chakra-heading css-1fhgjcy"
      >
        404 Not Found
      </h2>
      <p
        className="chakra-text css-0"
      >
        This page does not exist
      </p>
    </div>
    <button
      className="chakra-button css-1qhy7bt"
      onClick={[Function]}
      type="button"
    >
      <svg
        className="chakra-icon css-l5wtxs"
        focusable={false}
        viewBox="0 0 24 24"
      >
        <g
          fill="currentColor"
        >
          <path
            d="M10.416,12a2.643,2.643,0,0,1,.775-1.875L20.732.584a1.768,1.768,0,0,1,2.5,2.5l-8.739,8.739a.25.25,0,0,0,0,.354l8.739,8.739a1.768,1.768,0,0,1-2.5,2.5l-9.541-9.541A2.643,2.643,0,0,1,10.416,12Z"
          />
          <path
            d="M.25,12a2.643,2.643,0,0,1,.775-1.875L10.566.584a1.768,1.768,0,0,1,2.5,2.5L4.327,11.823a.25.25,0,0,0,0,.354l8.739,8.739a1.768,1.768,0,0,1-2.5,2.5L1.025,13.875A2.643,2.643,0,0,1,.25,12Z"
          />
        </g>
      </svg>
      Back to Home Page
    </button>
  </div>
</div>
`;
