// Jest Snapshot v1, https://goo.gl/fbAQLP

exports[`renders when there are no items 1`] = `
<div
  className="chakra-stack css-rsroj9"
>
  <div
    className="chakra-stack css-14ks65o"
  >
    <div
      className="chakra-stack css-1x8wzsc"
    >
      <div
        className="css-gmuwbf"
      >
        <div
          aria-controls="popover-content-2"
          aria-expanded={false}
          aria-haspopup="dialog"
          className="chakra-input__group css-4302v8"
          id="popover-trigger-2"
          onClick={[Function]}
        >
          <div
            className="chakra-input__left-element css-z4hjkz"
          >
            <svg
              className="chakra-icon css-tud5pv"
              focusable={false}
              viewBox="0 0 24 24"
            >
              <path
                d="M23.384,21.619,16.855,15.09a9.284,9.284,0,1,0-1.768,1.768l6.529,6.529a1.266,1.266,0,0,0,1.768,0A1.251,1.251,0,0,0,23.384,21.619ZM2.75,9.5a6.75,6.75,0,1,1,6.75,6.75A6.758,6.758,0,0,1,2.75,9.5Z"
                fill="currentColor"
              />
            </svg>
          </div>
          <input
            className="chakra-input css-i2h8e7"
            onBlur={[Function]}
            onChange={[Function]}
            onFocus={[Function]}
            placeholder="Søk..."
            value=""
          />
        </div>
        <div
          className="css-0"
          style={
            Object {
              "--popper-arrow-shadow-color": "gray.200",
              "--popper-arrow-size": undefined,
              "visibility": "hidden",
            }
          }
        >
          <section
            className="chakra-popover__content css-1lhufj9"
            id="popover-content-2"
            onBlur={[Function]}
            onKeyDown={[Function]}
            role="dialog"
            style={
              Object {
                "opacity": 0,
                "transform": "scale(0.95) translateZ(0)",
                "transformOrigin": "var(--popper-transform-origin)",
                "visibility": "hidden",
              }
            }
            tabIndex={-1}
          >
            <div
              className="chakra-stack css-5t4008"
            />
          </section>
        </div>
      </div>
      <label
        className="chakra-checkbox css-1gefvdb"
      >
        <input
          checked={false}
          className="chakra-checkbox__input"
          onBlur={[Function]}
          onChange={[Function]}
          onFocus={[Function]}
          onKeyDown={[Function]}
          onKeyUp={[Function]}
          style={
            Object {
              "border": "0px",
              "clip": "rect(0px, 0px, 0px, 0px)",
              "height": "1px",
              "margin": "-1px",
              "overflow": "hidden",
              "padding": "0px",
              "position": "absolute",
              "whiteSpace": "nowrap",
              "width": "1px",
            }
          }
          type="checkbox"
        />
        <span
          aria-hidden={true}
          className="chakra-checkbox__control css-dnty2r"
          onMouseDown={[Function]}
          onMouseEnter={[Function]}
          onMouseLeave={[Function]}
          onMouseUp={[Function]}
        />
        <span
          className="chakra-checkbox__label css-1oeb2oe"
          onMouseDown={[Function]}
          onTouchStart={[Function]}
        >
          Vis delmål
        </span>
      </label>
      <button
        className="chakra-button css-oqfhsh"
        onClick={[Function]}
        type="button"
      >
        Lås opp alle noder
      </button>
    </div>
    <div
      className="css-ulmyhl"
    >
      <div
        className="css-odvvn8"
      >
        <svg
          height="100%"
          id="svgGraph"
          width="100%"
        />
        <button
          className="chakra-button css-1wlk0yj"
          onClick={[Function]}
          type="button"
        >
          <svg
            fill="currentColor"
            fontSize="32px"
            height="1em"
            stroke="currentColor"
            strokeWidth="0"
            style={
              Object {
                "color": undefined,
              }
            }
            viewBox="0 0 16 16"
            width="1em"
            xmlns="http://www.w3.org/2000/svg"
          >
            <path
              clipRule="evenodd"
              d="M1.5 1a.5.5 0 00-.5.5v4a.5.5 0 01-1 0v-4A1.5 1.5 0 011.5 0h4a.5.5 0 010 1h-4zM10 .5a.5.5 0 01.5-.5h4A1.5 1.5 0 0116 1.5v4a.5.5 0 01-1 0v-4a.5.5 0 00-.5-.5h-4a.5.5 0 01-.5-.5zM.5 10a.5.5 0 01.5.5v4a.5.5 0 00.5.5h4a.5.5 0 010 1h-4A1.5 1.5 0 010 14.5v-4a.5.5 0 01.5-.5zm15 0a.5.5 0 01.5.5v4a1.5 1.5 0 01-1.5 1.5h-4a.5.5 0 010-1h4a.5.5 0 00.5-.5v-4a.5.5 0 01.5-.5z"
              fillRule="evenodd"
            />
          </svg>
        </button>
      </div>
      <div
        className="chakra-stack css-4v0hnf"
      >
        <div
          className="css-70qvj9"
        >
          <svg
            className="chakra-icon css-j863f5"
            fill="currentColor"
            focusable={false}
            height="1em"
            stroke="currentColor"
            strokeWidth="0"
            style={
              Object {
                "color": undefined,
              }
            }
            viewBox="0 0 8 16"
            width="1em"
            xmlns="http://www.w3.org/2000/svg"
          >
            <path
              d="M0 8c0-2.2 1.8-4 4-4s4 1.8 4 4-1.8 4-4 4-4-1.8-4-4z"
              fillRule="evenodd"
            />
          </svg>
          <p
            className="chakra-text css-0"
          >
            Standardfarge/StartNode
          </p>
        </div>
        <div
          className="css-70qvj9"
        >
          <svg
            className="chakra-icon css-1962l2u"
            fill="currentColor"
            focusable={false}
            height="1em"
            stroke="currentColor"
            strokeWidth="0"
            style={
              Object {
                "color": undefined,
              }
            }
            viewBox="0 0 8 16"
            width="1em"
            xmlns="http://www.w3.org/2000/svg"
          >
            <path
              d="M0 8c0-2.2 1.8-4 4-4s4 1.8 4 4-1.8 4-4 4-4-1.8-4-4z"
              fillRule="evenodd"
            />
          </svg>
          <p
            className="chakra-text css-0"
          >
            SDG (Bærekraftsmål)
          </p>
        </div>
        <div
          className="css-70qvj9"
        >
          <svg
            className="chakra-icon css-nq7xj9"
            fill="currentColor"
            focusable={false}
            height="1em"
            stroke="currentColor"
            strokeWidth="0"
            style={
              Object {
                "color": undefined,
              }
            }
            viewBox="0 0 8 16"
            width="1em"
            xmlns="http://www.w3.org/2000/svg"
          >
            <path
              d="M0 8c0-2.2 1.8-4 4-4s4 1.8 4 4-1.8 4-4 4-4-1.8-4-4z"
              fillRule="evenodd"
            />
          </svg>
          <p
            className="chakra-text css-0"
          >
            Delmål til bærekraftsmål
          </p>
        </div>
        <div
          className="css-70qvj9"
        >
          <svg
            className="chakra-icon css-19gjh3e"
            fill="currentColor"
            focusable={false}
            height="1em"
            stroke="currentColor"
            strokeWidth="0"
            style={
              Object {
                "color": undefined,
              }
            }
            viewBox="0 0 8 16"
            width="1em"
            xmlns="http://www.w3.org/2000/svg"
          >
            <path
              d="M0 8c0-2.2 1.8-4 4-4s4 1.8 4 4-1.8 4-4 4-4-1.8-4-4z"
              fillRule="evenodd"
            />
          </svg>
          <p
            className="chakra-text css-0"
          >
            Trippel bunnlinje
          </p>
        </div>
        <div
          className="css-70qvj9"
        >
          <svg
            className="chakra-icon css-18sclt9"
            fill="currentColor"
            focusable={false}
            height="1em"
            stroke="currentColor"
            strokeWidth="0"
            style={
              Object {
                "color": undefined,
              }
            }
            viewBox="0 0 8 16"
            width="1em"
            xmlns="http://www.w3.org/2000/svg"
          >
            <path
              d="M0 8c0-2.2 1.8-4 4-4s4 1.8 4 4-1.8 4-4 4-4-1.8-4-4z"
              fillRule="evenodd"
            />
          </svg>
          <p
            className="chakra-text css-0"
          >
            Utviklingsområde
          </p>
        </div>
      </div>
    </div>
  </div>
  <div
    className="css-iv98nd"
  >
    <h2
      className="chakra-heading css-1huxaib"
    >
      
    </h2>
    <div
      className="css-gg4vpm"
    >
      <div
        className="css-0"
        style={
          Object {
            "width": "auto",
          }
        }
      >
        <div
          className="css-i6bazn"
        >
          <div
            className="css-y502al"
          >
            <p
              className="chakra-text css-16y9uqu"
            >
              Dette konseptet er under utvikling 
            </p>
            
          </div>
        </div>
      </div>
      <div
        className="css-hae30d"
      >
        <hr
          aria-orientation="vertical"
          className="chakra-divider css-12gj880"
          role="separator"
        />
      </div>
      <div
        className="chakra-stack css-1acfu01"
      >
        <b
          className="chakra-text css-6dvxm2"
        >
          Har ingen etablerte positive påvirkninger enda
        </b>
        <div
          className="chakra-wrap css-0"
        >
          <ul
            className="chakra-wrap__list css-umyqv7"
          />
        </div>
        <b
          className="chakra-text css-6dvxm2"
        >
          Har ingen etablerte negative påvirkninger enda
        </b>
        <div
          className="chakra-wrap css-0"
        >
          <ul
            className="chakra-wrap__list css-umyqv7"
          />
        </div>
        <b
          className="chakra-text css-6dvxm2"
        >
          Har ingen utviklingsområder
        </b>
        <div
          className="chakra-wrap css-0"
        >
          <ul
            className="chakra-wrap__list css-umyqv7"
          />
        </div>
      </div>
    </div>
  </div>
</div>
`;
