// Jest Snapshot v1, https://goo.gl/fbAQLP

exports[`renders when there are no items 1`] = `
<div
  className="css-147u3m9"
  id="detailView"
>
  <h2
    className="chakra-heading css-1drbkg9"
  >
    Mangler navn
  </h2>
  <div
    className="css-1yedjnd"
  >
    <div
      className="css-0"
      style={
        Object {
          "width": "auto",
        }
      }
    >
      <div
        className="css-i6bazn"
      >
        <div
          className="css-y502al"
        >
          <p
            className="chakra-text css-pg6u3z"
          >
            Dette konseptet er under utvikling 
          </p>
          
        </div>
      </div>
    </div>
    <div
      className="css-1fo6ot5"
    >
      <hr
        aria-orientation="vertical"
        className="chakra-divider css-12gj880"
        role="separator"
      />
    </div>
    <div
      className="chakra-stack css-1acfu01"
    >
      <b
        className="chakra-text css-1ezsviu"
      >
        Har ingen etablerte positive påvirkninger enda
      </b>
      <div
        className="chakra-wrap css-0"
      >
        <ul
          className="chakra-wrap__list css-umyqv7"
        />
      </div>
      <b
        className="chakra-text css-1ezsviu"
      >
        Har ingen etablerte negative påvirkninger enda
      </b>
      <div
        className="chakra-wrap css-0"
      >
        <ul
          className="chakra-wrap__list css-umyqv7"
        />
      </div>
      <b
        className="chakra-text css-1ezsviu"
      >
        Har ingen utviklingsområder
      </b>
      <div
        className="chakra-wrap css-0"
      >
        <ul
          className="chakra-wrap__list css-umyqv7"
        />
      </div>
    </div>
  </div>
</div>
`;
